../Drivers/BSP/Components/lis3mdl/lis3mdl.c:222:9:LIS3MDL_GetCapabilities	0	static
../Drivers/BSP/Components/lis3mdl/lis3mdl.c:206:9:LIS3MDL_ReadID	8	static
../Drivers/BSP/Components/lis3mdl/lis3mdl.c:294:9:LIS3MDL_MAG_GetSensitivity	16	static
../Drivers/BSP/Components/lis3mdl/lis3mdl.c:441:9:LIS3MDL_MAG_GetFullScale	16	static
../Drivers/BSP/Components/lis3mdl/lis3mdl.c:332:9:LIS3MDL_MAG_GetOutputDataRate	16	static
../Drivers/BSP/Components/lis3mdl/lis3mdl.c:414:9:LIS3MDL_MAG_SetOutputDataRate	8	static
../Drivers/BSP/Components/lis3mdl/lis3mdl.c:478:9:LIS3MDL_MAG_SetFullScale	8	static
../Drivers/BSP/Components/lis3mdl/lis3mdl.c:151:9:LIS3MDL_Init	16	static
../Drivers/BSP/Components/lis3mdl/lis3mdl.c:501:9:LIS3MDL_MAG_GetAxesRaw	16	static
../Drivers/BSP/Components/lis3mdl/lis3mdl.c:525:9:LIS3MDL_MAG_GetAxes	32	static
../Drivers/BSP/Components/lis3mdl/lis3mdl.c:612:16:ReadRegWrap	8	static
../Drivers/BSP/Components/lis3mdl/lis3mdl.c:633:16:WriteRegWrap	8	static
../Drivers/BSP/Components/lis3mdl/lis3mdl.c:245:9:LIS3MDL_MAG_Enable	8	static
../Drivers/BSP/Components/lis3mdl/lis3mdl.c:269:9:LIS3MDL_MAG_Disable	8	static
../Drivers/BSP/Components/lis3mdl/lis3mdl.c:187:9:LIS3MDL_DeInit	8	static
../Drivers/BSP/Components/lis3mdl/lis3mdl.c:557:9:LIS3MDL_Read_Reg	8	static
../Drivers/BSP/Components/lis3mdl/lis3mdl.c:574:9:LIS3MDL_Write_Reg	16	static
../Drivers/BSP/Components/lis3mdl/lis3mdl.c:95:9:LIS3MDL_RegisterBusIO	8	static
../Drivers/BSP/Components/lis3mdl/lis3mdl.c:590:9:LIS3MDL_MAG_Get_DRDY_Status	8	static
