../Drivers/BSP/Components/lsm6dsox/lsm6dsox.c:285:9:LSM6DSOX_GetCapabilities	0	static
../Drivers/BSP/Components/lsm6dsox/lsm6dsox.c:3173:16:ReadRegWrap	4	static
../Drivers/BSP/Components/lsm6dsox/lsm6dsox.c:3188:16:WriteRegWrap	4	static
../Drivers/BSP/Components/lsm6dsox/lsm6dsox.c:482:9:LSM6DSOX_ACC_SetOutputDataRate	8	static
../Drivers/BSP/Components/lsm6dsox/lsm6dsox.c:544:9:LSM6DSOX_ACC_SetFullScale	8	static
../Drivers/BSP/Components/lsm6dsox/lsm6dsox.c:797:9:LSM6DSOX_GYRO_SetOutputDataRate	8	static
../Drivers/BSP/Components/lsm6dsox/lsm6dsox.c:174:9:LSM6DSOX_Init	16	static
../Drivers/BSP/Components/lsm6dsox/lsm6dsox.c:863:9:LSM6DSOX_GYRO_SetFullScale	8	static
../Drivers/BSP/Components/lsm6dsox/lsm6dsox.c:269:9:LSM6DSOX_ReadID	8	static
../Drivers/BSP/Components/lsm6dsox/lsm6dsox.c:407:9:LSM6DSOX_ACC_GetOutputDataRate	16	static
../Drivers/BSP/Components/lsm6dsox/lsm6dsox.c:363:9:LSM6DSOX_ACC_GetSensitivity	16	static
../Drivers/BSP/Components/lsm6dsox/lsm6dsox.c:501:9:LSM6DSOX_ACC_GetFullScale	16	static
../Drivers/BSP/Components/lsm6dsox/lsm6dsox.c:569:9:LSM6DSOX_ACC_GetAxesRaw	16	static
../Drivers/BSP/Components/lsm6dsox/lsm6dsox.c:593:9:LSM6DSOX_ACC_GetAxes	32	static
../Drivers/BSP/Components/lsm6dsox/lsm6dsox.c:726:9:LSM6DSOX_GYRO_GetOutputDataRate	16	static
../Drivers/BSP/Components/lsm6dsox/lsm6dsox.c:678:9:LSM6DSOX_GYRO_GetSensitivity	16	static
../Drivers/BSP/Components/lsm6dsox/lsm6dsox.c:816:9:LSM6DSOX_GYRO_GetFullScale	16	static
../Drivers/BSP/Components/lsm6dsox/lsm6dsox.c:887:9:LSM6DSOX_GYRO_GetAxesRaw	16	static
../Drivers/BSP/Components/lsm6dsox/lsm6dsox.c:911:9:LSM6DSOX_GYRO_GetAxes	32	static
../Drivers/BSP/Components/lsm6dsox/lsm6dsox.c:308:9:LSM6DSOX_ACC_Enable	8	static
../Drivers/BSP/Components/lsm6dsox/lsm6dsox.c:623:9:LSM6DSOX_GYRO_Enable	8	static
../Drivers/BSP/Components/lsm6dsox/lsm6dsox.c:332:9:LSM6DSOX_ACC_Disable	16	static
../Drivers/BSP/Components/lsm6dsox/lsm6dsox.c:647:9:LSM6DSOX_GYRO_Disable	16	static
../Drivers/BSP/Components/lsm6dsox/lsm6dsox.c:241:9:LSM6DSOX_DeInit	8	static
../Drivers/BSP/Components/lsm6dsox/lsm6dsox.c:943:9:LSM6DSOX_Read_Reg	8	static
../Drivers/BSP/Components/lsm6dsox/lsm6dsox.c:960:9:LSM6DSOX_Write_Reg	16	static
../Drivers/BSP/Components/lsm6dsox/lsm6dsox.c:117:9:LSM6DSOX_RegisterBusIO	8	static
../Drivers/BSP/Components/lsm6dsox/lsm6dsox.c:976:9:LSM6DSOX_Set_Interrupt_Latch	8	static
../Drivers/BSP/Components/lsm6dsox/lsm6dsox.c:997:9:LSM6DSOX_ACC_Enable_Free_Fall_Detection	24	static
../Drivers/BSP/Components/lsm6dsox/lsm6dsox.c:1083:9:LSM6DSOX_ACC_Disable_Free_Fall_Detection	24	static
../Drivers/BSP/Components/lsm6dsox/lsm6dsox.c:1134:9:LSM6DSOX_ACC_Set_Free_Fall_Threshold	8	static
../Drivers/BSP/Components/lsm6dsox/lsm6dsox.c:1150:9:LSM6DSOX_ACC_Set_Free_Fall_Duration	8	static
../Drivers/BSP/Components/lsm6dsox/lsm6dsox.c:1165:9:LSM6DSOX_ACC_Enable_Pedometer	16	static
../Drivers/BSP/Components/lsm6dsox/lsm6dsox.c:1208:9:LSM6DSOX_ACC_Disable_Pedometer	16	static
../Drivers/BSP/Components/lsm6dsox/lsm6dsox.c:1240:9:LSM6DSOX_ACC_Get_Step_Count	8	static
../Drivers/BSP/Components/lsm6dsox/lsm6dsox.c:1255:9:LSM6DSOX_ACC_Step_Counter_Reset	8	static
../Drivers/BSP/Components/lsm6dsox/lsm6dsox.c:1271:9:LSM6DSOX_ACC_Enable_Tilt_Detection	24	static
../Drivers/BSP/Components/lsm6dsox/lsm6dsox.c:1339:9:LSM6DSOX_ACC_Disable_Tilt_Detection	24	static
../Drivers/BSP/Components/lsm6dsox/lsm6dsox.c:1384:9:LSM6DSOX_ACC_Enable_Wake_Up_Detection	24	static
../Drivers/BSP/Components/lsm6dsox/lsm6dsox.c:1458:9:LSM6DSOX_ACC_Disable_Wake_Up_Detection	24	static
../Drivers/BSP/Components/lsm6dsox/lsm6dsox.c:1509:9:LSM6DSOX_ACC_Set_Wake_Up_Threshold	8	static
../Drivers/BSP/Components/lsm6dsox/lsm6dsox.c:1526:9:LSM6DSOX_ACC_Set_Wake_Up_Duration	8	static
../Drivers/BSP/Components/lsm6dsox/lsm6dsox.c:1543:9:LSM6DSOX_ACC_Enable_Single_Tap_Detection	24	static
../Drivers/BSP/Components/lsm6dsox/lsm6dsox.c:1645:9:LSM6DSOX_ACC_Disable_Single_Tap_Detection	24	static
../Drivers/BSP/Components/lsm6dsox/lsm6dsox.c:1720:9:LSM6DSOX_ACC_Enable_Double_Tap_Detection	24	static
../Drivers/BSP/Components/lsm6dsox/lsm6dsox.c:1830:9:LSM6DSOX_ACC_Disable_Double_Tap_Detection	24	static
../Drivers/BSP/Components/lsm6dsox/lsm6dsox.c:1917:9:LSM6DSOX_ACC_Set_Tap_Threshold	8	static
../Drivers/BSP/Components/lsm6dsox/lsm6dsox.c:1934:9:LSM6DSOX_ACC_Set_Tap_Shock_Time	8	static
../Drivers/BSP/Components/lsm6dsox/lsm6dsox.c:1951:9:LSM6DSOX_ACC_Set_Tap_Quiet_Time	8	static
../Drivers/BSP/Components/lsm6dsox/lsm6dsox.c:1968:9:LSM6DSOX_ACC_Set_Tap_Duration_Time	8	static
../Drivers/BSP/Components/lsm6dsox/lsm6dsox.c:1985:9:LSM6DSOX_ACC_Enable_6D_Orientation	24	static
../Drivers/BSP/Components/lsm6dsox/lsm6dsox.c:2053:9:LSM6DSOX_ACC_Disable_6D_Orientation	24	static
../Drivers/BSP/Components/lsm6dsox/lsm6dsox.c:2098:9:LSM6DSOX_ACC_Set_6D_Orientation_Threshold	8	static
../Drivers/BSP/Components/lsm6dsox/lsm6dsox.c:2114:9:LSM6DSOX_ACC_Get_6D_Orientation_XL	16	static
../Drivers/BSP/Components/lsm6dsox/lsm6dsox.c:2134:9:LSM6DSOX_ACC_Get_6D_Orientation_XH	16	static
../Drivers/BSP/Components/lsm6dsox/lsm6dsox.c:2154:9:LSM6DSOX_ACC_Get_6D_Orientation_YL	16	static
../Drivers/BSP/Components/lsm6dsox/lsm6dsox.c:2174:9:LSM6DSOX_ACC_Get_6D_Orientation_YH	16	static
../Drivers/BSP/Components/lsm6dsox/lsm6dsox.c:2194:9:LSM6DSOX_ACC_Get_6D_Orientation_ZL	16	static
../Drivers/BSP/Components/lsm6dsox/lsm6dsox.c:2214:9:LSM6DSOX_ACC_Get_6D_Orientation_ZH	16	static
../Drivers/BSP/Components/lsm6dsox/lsm6dsox.c:2234:9:LSM6DSOX_ACC_Get_DRDY_Status	8	static
../Drivers/BSP/Components/lsm6dsox/lsm6dsox.c:2250:9:LSM6DSOX_ACC_Get_Event_Status	48	static
../Drivers/BSP/Components/lsm6dsox/lsm6dsox.c:2384:9:LSM6DSOX_ACC_Set_SelfTest	8	static
../Drivers/BSP/Components/lsm6dsox/lsm6dsox.c:2407:9:LSM6DSOX_GYRO_Get_DRDY_Status	8	static
../Drivers/BSP/Components/lsm6dsox/lsm6dsox.c:2423:9:LSM6DSOX_GYRO_Set_SelfTest	8	static
../Drivers/BSP/Components/lsm6dsox/lsm6dsox.c:2447:9:LSM6DSOX_FIFO_Get_Num_Samples	8	static
../Drivers/BSP/Components/lsm6dsox/lsm6dsox.c:2463:9:LSM6DSOX_FIFO_Get_Full_Status	16	static
../Drivers/BSP/Components/lsm6dsox/lsm6dsox.c:2483:9:LSM6DSOX_FIFO_Set_INT1_FIFO_Full	24	static
../Drivers/BSP/Components/lsm6dsox/lsm6dsox.c:2508:9:LSM6DSOX_FIFO_Set_Watermark_Level	8	static
../Drivers/BSP/Components/lsm6dsox/lsm6dsox.c:2524:9:LSM6DSOX_FIFO_Set_Stop_On_Fth	8	static
../Drivers/BSP/Components/lsm6dsox/lsm6dsox.c:2540:9:LSM6DSOX_FIFO_Set_Mode	8	static
../Drivers/BSP/Components/lsm6dsox/lsm6dsox.c:2578:9:LSM6DSOX_FIFO_Get_Tag	16	static
../Drivers/BSP/Components/lsm6dsox/lsm6dsox.c:2598:9:LSM6DSOX_FIFO_Get_Data	8	static
../Drivers/BSP/Components/lsm6dsox/lsm6dsox.c:2614:9:LSM6DSOX_FIFO_ACC_Get_Axes	40	static
../Drivers/BSP/Components/lsm6dsox/lsm6dsox.c:2652:9:LSM6DSOX_FIFO_ACC_Set_BDR	8	static
../Drivers/BSP/Components/lsm6dsox/lsm6dsox.c:2682:9:LSM6DSOX_FIFO_GYRO_Get_Axes	40	static
../Drivers/BSP/Components/lsm6dsox/lsm6dsox.c:2720:9:LSM6DSOX_FIFO_GYRO_Set_BDR	8	static
../Drivers/BSP/Components/lsm6dsox/lsm6dsox.c:2861:9:LSM6DSOX_ACC_Enable_DRDY_Interrupt	16	static
../Drivers/BSP/Components/lsm6dsox/lsm6dsox.c:2885:9:LSM6DSOX_GYRO_Enable_DRDY_Interrupt	16	static
../Drivers/BSP/Components/lsm6dsox/lsm6dsox.c:2910:9:LSM6DSOX_ACC_Set_Power_Mode	8	static
../Drivers/BSP/Components/lsm6dsox/lsm6dsox.c:2926:9:LSM6DSOX_GYRO_Set_Power_Mode	8	static
../Drivers/BSP/Components/lsm6dsox/lsm6dsox.c:2943:9:LSM6DSOX_ACC_Set_Filter_Mode	16	static
../Drivers/BSP/Components/lsm6dsox/lsm6dsox.c:2977:9:LSM6DSOX_GYRO_Set_Filter_Mode	16	static
../Drivers/BSP/Components/lsm6dsox/lsm6dsox.c:3012:9:LSM6DSOX_ACC_Enable_Inactivity_Detection	24	static
../Drivers/BSP/Components/lsm6dsox/lsm6dsox.c:3104:9:LSM6DSOX_ACC_Disable_Inactivity_Detection	24	static
../Drivers/BSP/Components/lsm6dsox/lsm6dsox.c:3154:9:LSM6DSOX_ACC_Set_Sleep_Duration	8	static
