../Core/Src/main.c:129:5:main	8	static
../Core/Src/main.c:200:6:SystemClock_Config	96	static
../Core/Src/main.c:249:13:MX_I2C2_Init	8	static
../Core/Src/main.c:295:13:MX_TIM2_Init	64	static
../Core/Src/main.c:358:13:MX_TIM6_Init	24	static
../Core/Src/main.c:396:13:MX_USART1_UART_Init	8	static
../Core/Src/main.c:431:13:MX_GPIO_Init	48	static
../Core/Src/main.c:519:7:kalman_filter	32	static
../Core/Src/main.c:554:6:vNormalizeAngles	32	static
../Core/Src/main.c:582:6:vConvertData	32	static
../Core/Src/main.c:603:6:vCalculateAngles	40	static
../Core/Src/main.c:613:7:fRound	56	static
../Core/Src/main.c:629:6:HAL_TIM_PeriodElapsedCallback	16	static
../Core/Src/main.c:689:6:HAL_UARTEx_RxEventCallback	24	static
../Core/Src/main.c:791:6:Error_Handler	4	static,ignoring_inline_asm
