../Drivers/BSP/Components/lis3dhh/lis3dhh_reg.c:66:9:lis3dhh_read_reg	4	static
../Drivers/BSP/Components/lis3dhh/lis3dhh_reg.c:84:9:lis3dhh_write_reg	4	static
../Drivers/BSP/Components/lis3dhh/lis3dhh_reg.c:104:9:lis3dhh_from_lsb_to_mg	0	static
../Drivers/BSP/Components/lis3dhh/lis3dhh_reg.c:109:9:lis3dhh_from_lsb_to_celsius	0	static
../Drivers/BSP/Components/lis3dhh/lis3dhh_reg.c:135:9:lis3dhh_block_data_update_set	24	static
../Drivers/BSP/Components/lis3dhh/lis3dhh_reg.c:157:9:lis3dhh_block_data_update_get	16	static
../Drivers/BSP/Components/lis3dhh/lis3dhh_reg.c:176:9:lis3dhh_data_rate_set	24	static
../Drivers/BSP/Components/lis3dhh/lis3dhh_reg.c:198:9:lis3dhh_data_rate_get	16	static
../Drivers/BSP/Components/lis3dhh/lis3dhh_reg.c:228:9:lis3dhh_temperature_raw_get	0	static
../Drivers/BSP/Components/lis3dhh/lis3dhh_reg.c:243:9:lis3dhh_acceleration_raw_get	0	static
../Drivers/BSP/Components/lis3dhh/lis3dhh_reg.c:258:9:lis3dhh_xl_data_ready_get	16	static
../Drivers/BSP/Components/lis3dhh/lis3dhh_reg.c:277:9:lis3dhh_xl_data_ovr_get	16	static
../Drivers/BSP/Components/lis3dhh/lis3dhh_reg.c:308:9:lis3dhh_device_id_get	0	static
../Drivers/BSP/Components/lis3dhh/lis3dhh_reg.c:323:9:lis3dhh_reset_set	24	static
../Drivers/BSP/Components/lis3dhh/lis3dhh_reg.c:345:9:lis3dhh_reset_get	16	static
../Drivers/BSP/Components/lis3dhh/lis3dhh_reg.c:364:9:lis3dhh_boot_set	24	static
../Drivers/BSP/Components/lis3dhh/lis3dhh_reg.c:386:9:lis3dhh_boot_get	16	static
../Drivers/BSP/Components/lis3dhh/lis3dhh_reg.c:405:9:lis3dhh_self_test_set	24	static
../Drivers/BSP/Components/lis3dhh/lis3dhh_reg.c:427:9:lis3dhh_self_test_get	16	static
../Drivers/BSP/Components/lis3dhh/lis3dhh_reg.c:460:9:lis3dhh_filter_config_set	24	static
../Drivers/BSP/Components/lis3dhh/lis3dhh_reg.c:482:9:lis3dhh_filter_config_get	16	static
../Drivers/BSP/Components/lis3dhh/lis3dhh_reg.c:518:9:lis3dhh_status_get	0	static
../Drivers/BSP/Components/lis3dhh/lis3dhh_reg.c:545:9:lis3dhh_drdy_notification_mode_set	24	static
../Drivers/BSP/Components/lis3dhh/lis3dhh_reg.c:568:9:lis3dhh_drdy_notification_mode_get	16	static
../Drivers/BSP/Components/lis3dhh/lis3dhh_reg.c:600:9:lis3dhh_int1_mode_set	24	static
../Drivers/BSP/Components/lis3dhh/lis3dhh_reg.c:623:9:lis3dhh_int1_mode_get	16	static
../Drivers/BSP/Components/lis3dhh/lis3dhh_reg.c:653:9:lis3dhh_fifo_threshold_on_int1_set	24	static
../Drivers/BSP/Components/lis3dhh/lis3dhh_reg.c:676:9:lis3dhh_fifo_threshold_on_int1_get	16	static
../Drivers/BSP/Components/lis3dhh/lis3dhh_reg.c:695:9:lis3dhh_fifo_full_on_int1_set	24	static
../Drivers/BSP/Components/lis3dhh/lis3dhh_reg.c:717:9:lis3dhh_fifo_full_on_int1_get	16	static
../Drivers/BSP/Components/lis3dhh/lis3dhh_reg.c:736:9:lis3dhh_fifo_ovr_on_int1_set	24	static
../Drivers/BSP/Components/lis3dhh/lis3dhh_reg.c:758:9:lis3dhh_fifo_ovr_on_int1_get	16	static
../Drivers/BSP/Components/lis3dhh/lis3dhh_reg.c:777:9:lis3dhh_boot_on_int1_set	24	static
../Drivers/BSP/Components/lis3dhh/lis3dhh_reg.c:799:9:lis3dhh_boot_on_int1_get	16	static
../Drivers/BSP/Components/lis3dhh/lis3dhh_reg.c:818:9:lis3dhh_drdy_on_int1_set	24	static
../Drivers/BSP/Components/lis3dhh/lis3dhh_reg.c:840:9:lis3dhh_drdy_on_int1_get	16	static
../Drivers/BSP/Components/lis3dhh/lis3dhh_reg.c:859:9:lis3dhh_fifo_threshold_on_int2_set	24	static
../Drivers/BSP/Components/lis3dhh/lis3dhh_reg.c:881:9:lis3dhh_fifo_threshold_on_int2_get	16	static
../Drivers/BSP/Components/lis3dhh/lis3dhh_reg.c:900:9:lis3dhh_fifo_full_on_int2_set	24	static
../Drivers/BSP/Components/lis3dhh/lis3dhh_reg.c:922:9:lis3dhh_fifo_full_on_int2_get	16	static
../Drivers/BSP/Components/lis3dhh/lis3dhh_reg.c:941:9:lis3dhh_fifo_ovr_on_int2_set	24	static
../Drivers/BSP/Components/lis3dhh/lis3dhh_reg.c:963:9:lis3dhh_fifo_ovr_on_int2_get	16	static
../Drivers/BSP/Components/lis3dhh/lis3dhh_reg.c:982:9:lis3dhh_boot_on_int2_set	24	static
../Drivers/BSP/Components/lis3dhh/lis3dhh_reg.c:1004:9:lis3dhh_boot_on_int2_get	16	static
../Drivers/BSP/Components/lis3dhh/lis3dhh_reg.c:1023:9:lis3dhh_drdy_on_int2_set	24	static
../Drivers/BSP/Components/lis3dhh/lis3dhh_reg.c:1045:9:lis3dhh_drdy_on_int2_get	16	static
../Drivers/BSP/Components/lis3dhh/lis3dhh_reg.c:1064:9:lis3dhh_pin_mode_set	24	static
../Drivers/BSP/Components/lis3dhh/lis3dhh_reg.c:1086:9:lis3dhh_pin_mode_get	16	static
../Drivers/BSP/Components/lis3dhh/lis3dhh_reg.c:1135:9:lis3dhh_fifo_set	24	static
../Drivers/BSP/Components/lis3dhh/lis3dhh_reg.c:1157:9:lis3dhh_fifo_get	16	static
../Drivers/BSP/Components/lis3dhh/lis3dhh_reg.c:1179:9:lis3dhh_fifo_block_spi_hs_set	24	static
../Drivers/BSP/Components/lis3dhh/lis3dhh_reg.c:1204:9:lis3dhh_fifo_block_spi_hs_get	16	static
../Drivers/BSP/Components/lis3dhh/lis3dhh_reg.c:1223:9:lis3dhh_fifo_watermark_set	24	static
../Drivers/BSP/Components/lis3dhh/lis3dhh_reg.c:1245:9:lis3dhh_fifo_watermark_get	16	static
../Drivers/BSP/Components/lis3dhh/lis3dhh_reg.c:1264:9:lis3dhh_fifo_mode_set	24	static
../Drivers/BSP/Components/lis3dhh/lis3dhh_reg.c:1286:9:lis3dhh_fifo_mode_get	16	static
../Drivers/BSP/Components/lis3dhh/lis3dhh_reg.c:1325:9:lis3dhh_fifo_status_get	0	static
../Drivers/BSP/Components/lis3dhh/lis3dhh_reg.c:1340:9:lis3dhh_fifo_full_flag_get	16	static
../Drivers/BSP/Components/lis3dhh/lis3dhh_reg.c:1359:9:lis3dhh_fifo_ovr_flag_get	16	static
../Drivers/BSP/Components/lis3dhh/lis3dhh_reg.c:1378:9:lis3dhh_fifo_fth_flag_get	16	static
../Drivers/BSP/Components/lis3dhh/lis3dhh_reg.c:1411:9:lis3dhh_auto_add_inc_set	24	static
../Drivers/BSP/Components/lis3dhh/lis3dhh_reg.c:1434:9:lis3dhh_auto_add_inc_get	16	static
