../Core/Src/main.c:119:5:main	16	static
../Core/Src/main.c:189:6:SystemClock_Config	96	static
../Core/Src/main.c:240:13:MX_CRC_Init	8	static
../Core/Src/main.c:271:13:MX_I2C2_Init	8	static
../Core/Src/main.c:319:13:MX_TIM2_Init	64	static
../Core/Src/main.c:382:13:MX_TIM3_Init	64	static
../Core/Src/main.c:445:13:MX_TIM6_Init	24	static
../Core/Src/main.c:483:13:MX_USART1_UART_Init	8	static
../Core/Src/main.c:518:13:MX_GPIO_Init	48	static
../Core/Src/main.c:608:6:vNormalizeAngles	32	static
../Core/Src/main.c:636:6:vConvertData	32	static
../Core/Src/main.c:657:6:vCalculateAngles	40	static
../Core/Src/main.c:668:6:HAL_TIM_PeriodElapsedCallback	16	static
../Core/Src/main.c:706:13:AI_Init	16	static
../Core/Src/main.c:722:13:AI_Run	24	static
../Core/Src/main.c:739:17:argmax	32	static
../Core/Src/main.c:752:5:_write	24	static
../Core/Src/main.c:763:6:Error_Handler	4	static,ignoring_inline_asm
