../Drivers/BSP/Components/stts751/stts751.c:214:9:STTS751_GetCapabilities	0	static
../Drivers/BSP/Components/stts751/stts751.c:136:9:STTS751_Init	16	static
../Drivers/BSP/Components/stts751/stts751.c:194:9:STTS751_ReadID	16	static
../Drivers/BSP/Components/stts751/stts751.c:307:9:STTS751_TEMP_GetOutputDataRate	16	static
../Drivers/BSP/Components/stts751/stts751.c:378:9:STTS751_TEMP_SetOutputDataRate	24	static
../Drivers/BSP/Components/stts751/stts751.c:434:9:STTS751_TEMP_GetTemperature	24	static
../Drivers/BSP/Components/stts751/stts751.c:657:16:ReadRegWrap	32	static
../Drivers/BSP/Components/stts751/stts751.c:686:16:WriteRegWrap	32	static
../Drivers/BSP/Components/stts751/stts751.c:276:9:STTS751_TEMP_Disable	8	static
../Drivers/BSP/Components/stts751/stts751.c:172:9:STTS751_DeInit	8	static
../Drivers/BSP/Components/stts751/stts751.c:252:9:STTS751_TEMP_Enable	8	static
../Drivers/BSP/Components/stts751/stts751.c:96:9:STTS751_RegisterBusIO	0	static
../Drivers/BSP/Components/stts751/stts751.c:235:9:STTS751_Get_Init_Status	0	static
../Drivers/BSP/Components/stts751/stts751.c:455:9:STTS751_TEMP_Get_DRDY_Status	16	static
../Drivers/BSP/Components/stts751/stts751.c:481:9:STTS751_TEMP_SetHighTemperatureThreshold	8	static
../Drivers/BSP/Components/stts751/stts751.c:502:9:STTS751_TEMP_SetLowTemperatureThreshold	8	static
../Drivers/BSP/Components/stts751/stts751.c:525:9:STTS751_TEMP_GetTemperatureLimitStatus	32	static
../Drivers/BSP/Components/stts751/stts751.c:548:9:STTS751_TEMP_SetEventPin	8	static
../Drivers/BSP/Components/stts751/stts751.c:570:9:STTS751_Read_Reg	8	static
../Drivers/BSP/Components/stts751/stts751.c:587:9:STTS751_Write_Reg	16	static
../Drivers/BSP/Components/stts751/stts751.c:602:9:STTS751_Set_One_Shot	8	static
../Drivers/BSP/Components/stts751/stts751.c:619:9:STTS751_Get_One_Shot_Status	0	static
