../Drivers/BSP/Components/lis2mdl/lis2mdl.c:238:9:LIS2MDL_GetCapabilities	0	static
../Drivers/BSP/Components/lis2mdl/lis2mdl.c:310:9:LIS2MDL_MAG_GetSensitivity	0	static
../Drivers/BSP/Components/lis2mdl/lis2mdl.c:390:9:LIS2MDL_MAG_GetFullScale	0	static
../Drivers/BSP/Components/lis2mdl/lis2mdl.c:403:9:LIS2MDL_MAG_SetFullScale	0	static
../Drivers/BSP/Components/lis2mdl/lis2mdl.c:366:9:LIS2MDL_MAG_SetOutputDataRate	8	static
../Drivers/BSP/Components/lis2mdl/lis2mdl.c:167:9:LIS2MDL_Init	16	static
../Drivers/BSP/Components/lis2mdl/lis2mdl.c:222:9:LIS2MDL_ReadID	8	static
../Drivers/BSP/Components/lis2mdl/lis2mdl.c:323:9:LIS2MDL_MAG_GetOutputDataRate	16	static
../Drivers/BSP/Components/lis2mdl/lis2mdl.c:414:9:LIS2MDL_MAG_GetAxesRaw	16	static
../Drivers/BSP/Components/lis2mdl/lis2mdl.c:438:9:LIS2MDL_MAG_GetAxes	16	static
../Drivers/BSP/Components/lis2mdl/lis2mdl.c:592:16:ReadMagRegWrap	8	static
../Drivers/BSP/Components/lis2mdl/lis2mdl.c:616:16:WriteMagRegWrap	8	static
../Drivers/BSP/Components/lis2mdl/lis2mdl.c:261:9:LIS2MDL_MAG_Enable	8	static
../Drivers/BSP/Components/lis2mdl/lis2mdl.c:285:9:LIS2MDL_MAG_Disable	8	static
../Drivers/BSP/Components/lis2mdl/lis2mdl.c:203:9:LIS2MDL_DeInit	8	static
../Drivers/BSP/Components/lis2mdl/lis2mdl.c:467:9:LIS2MDL_Read_Reg	8	static
../Drivers/BSP/Components/lis2mdl/lis2mdl.c:484:9:LIS2MDL_Write_Reg	16	static
../Drivers/BSP/Components/lis2mdl/lis2mdl.c:99:9:LIS2MDL_RegisterBusIO	8	static
../Drivers/BSP/Components/lis2mdl/lis2mdl.c:500:9:LIS2MDL_MAG_Set_SelfTest	8	static
../Drivers/BSP/Components/lis2mdl/lis2mdl.c:516:9:LIS2MDL_MAG_Get_DRDY_Status	8	static
../Drivers/BSP/Components/lis2mdl/lis2mdl.c:532:9:LIS2MDL_MAG_Get_Init_Status	0	static
../Drivers/BSP/Components/lis2mdl/lis2mdl.c:550:9:LIS2MDL_MAG_Set_Filter_Mode	8	static
../Drivers/BSP/Components/lis2mdl/lis2mdl.c:566:9:LIS2MDL_MAG_Set_Power_Mode	8	static
