../Drivers/BSP/B-L475E-IOT01/stm32l475e_iot01_audio.c:1612:13:DFSDM_FilterMspInit	24	static
../Drivers/BSP/B-L475E-IOT01/stm32l475e_iot01_audio.c:1536:16:DFSDM_DeInit	8	static
../Drivers/BSP/B-L475E-IOT01/stm32l475e_iot01_audio.c:1694:13:DFSDM_FilterMspDeInit.isra	8	static
../Drivers/BSP/B-L475E-IOT01/stm32l475e_iot01_audio.c:1593:13:DFSDM_ChannelMspDeInit.isra	8	static
../Drivers/BSP/B-L475E-IOT01/stm32l475e_iot01_audio.c:1562:13:DFSDM_ChannelMspInit.isra	48	static
../Drivers/BSP/B-L475E-IOT01/stm32l475e_iot01_audio.c:371:9:BSP_AUDIO_IN_DeInit	24	static
../Drivers/BSP/B-L475E-IOT01/stm32l475e_iot01_audio.c:433:9:BSP_AUDIO_IN_Record	8	static
../Drivers/BSP/B-L475E-IOT01/stm32l475e_iot01_audio.c:497:9:BSP_AUDIO_IN_Pause	8	static
../Drivers/BSP/B-L475E-IOT01/stm32l475e_iot01_audio.c:541:9:BSP_AUDIO_IN_Resume	8	static
../Drivers/BSP/B-L475E-IOT01/stm32l475e_iot01_audio.c:596:9:BSP_AUDIO_IN_Stop	8	static
../Drivers/BSP/B-L475E-IOT01/stm32l475e_iot01_audio.c:646:9:BSP_AUDIO_IN_SetVolume	0	static
../Drivers/BSP/B-L475E-IOT01/stm32l475e_iot01_audio.c:668:9:BSP_AUDIO_IN_GetVolume	0	static
../Drivers/BSP/B-L475E-IOT01/stm32l475e_iot01_audio.c:862:9:BSP_AUDIO_IN_GetSampleRate	0	static
../Drivers/BSP/B-L475E-IOT01/stm32l475e_iot01_audio.c:1050:9:BSP_AUDIO_IN_GetDevice	0	static
../Drivers/BSP/B-L475E-IOT01/stm32l475e_iot01_audio.c:1077:9:BSP_AUDIO_IN_SetBitsPerSample	0	static
../Drivers/BSP/B-L475E-IOT01/stm32l475e_iot01_audio.c:1107:9:BSP_AUDIO_IN_GetBitsPerSample	0	static
../Drivers/BSP/B-L475E-IOT01/stm32l475e_iot01_audio.c:1134:9:BSP_AUDIO_IN_SetChannelsNbr	0	static
../Drivers/BSP/B-L475E-IOT01/stm32l475e_iot01_audio.c:1166:9:BSP_AUDIO_IN_GetChannelsNbr	0	static
../Drivers/BSP/B-L475E-IOT01/stm32l475e_iot01_audio.c:1193:9:BSP_AUDIO_IN_GetState	0	static
../Drivers/BSP/B-L475E-IOT01/stm32l475e_iot01_audio.c:1359:13:BSP_AUDIO_IN_TransferComplete_CallBack	0	static
../Drivers/BSP/B-L475E-IOT01/stm32l475e_iot01_audio.c:1370:13:BSP_AUDIO_IN_HalfTransfer_CallBack	0	static
../Drivers/BSP/B-L475E-IOT01/stm32l475e_iot01_audio.c:1381:13:BSP_AUDIO_IN_Error_CallBack	0	static
../Drivers/BSP/B-L475E-IOT01/stm32l475e_iot01_audio.c:1393:6:BSP_AUDIO_IN_IRQHandler	0	static
../Drivers/BSP/B-L475E-IOT01/stm32l475e_iot01_audio.c:1416:26:MX_DFSDM1_ClockConfig	144	static
../Drivers/BSP/B-L475E-IOT01/stm32l475e_iot01_audio.c:1468:26:MX_DFSDM1_Init	16	static
../Drivers/BSP/B-L475E-IOT01/stm32l475e_iot01_audio.c:197:9:BSP_AUDIO_IN_Init	80	static
../Drivers/BSP/B-L475E-IOT01/stm32l475e_iot01_audio.c:691:9:BSP_AUDIO_IN_SetSampleRate	72	static
../Drivers/BSP/B-L475E-IOT01/stm32l475e_iot01_audio.c:889:9:BSP_AUDIO_IN_SetDevice	72	static
../Drivers/BSP/B-L475E-IOT01/stm32l475e_iot01_audio.c:1876:6:HAL_DFSDM_FilterRegConvCpltCallback	32	static
../Drivers/BSP/B-L475E-IOT01/stm32l475e_iot01_audio.c:1945:6:HAL_DFSDM_FilterRegConvHalfCpltCallback	32	static
../Drivers/BSP/B-L475E-IOT01/stm32l475e_iot01_audio.c:2014:6:HAL_DFSDM_FilterErrorCallback	8	static
