../Core/Src/es_wifi.c:144:16:ParseNumber	20	static
../Core/Src/es_wifi.c:194:14:ParseIP	32	static
../Core/Src/es_wifi.c:717:25:AT_ExecuteCommand	16	static
../Core/Src/es_wifi.c:767:25:AT_RequestSendData	32	static
../Core/Src/es_wifi.c:830:25:AT_RequestReceiveData	32	static
../Core/Src/es_wifi.c:213:31:ParseSecurity	8	static
../Core/Src/es_wifi.c:174:13:ParseMAC	20	static
../Core/Src/es_wifi.c:887:19:ES_WIFI_Init	32	static
../Core/Src/es_wifi.c:914:19:ES_WIFI_GetProductID	8	static
../Core/Src/es_wifi.c:926:19:ES_WIFI_GetFWRevID	8	static
../Core/Src/es_wifi.c:938:19:ES_WIFI_GetProductName	8	static
../Core/Src/es_wifi.c:950:19:ES_WIFI_GetAPIRev	8	static
../Core/Src/es_wifi.c:962:19:ES_WIFI_GetStackRev	8	static
../Core/Src/es_wifi.c:974:19:ES_WIFI_GetRTOSRev	8	static
../Core/Src/es_wifi.c:986:19:ES_WIFI_RegisterBusIO	12	static
../Core/Src/es_wifi.c:1012:19:ES_WIFI_SetTimeout	0	static
../Core/Src/es_wifi.c:1024:19:ES_WIFI_ListAccessPoints	56	static
../Core/Src/es_wifi.c:1106:18:ES_WIFI_Connect	24	static
../Core/Src/es_wifi.c:1145:9:ES_WIFI_IsConnected	8	static
../Core/Src/es_wifi.c:1164:18:ES_WIFI_Disconnect	8	static
../Core/Src/es_wifi.c:1179:18:ES_WIFI_GetNetworkSettings	32	static
../Core/Src/es_wifi.c:1204:18:ES_WIFI_ActivateAP	32	static
../Core/Src/es_wifi.c:1270:19:ES_WIFI_WaitAPStateChange	32	static
../Core/Src/es_wifi.c:1338:18:ES_WIFI_GetMACAddress	16	static
../Core/Src/es_wifi.c:1361:18:ES_WIFI_GetIPAddress	0	static
../Core/Src/es_wifi.c:1373:18:ES_WIFI_SetMACAddress	32	static
../Core/Src/es_wifi.c:1394:18:ES_WIFI_ResetToFactoryDefault	8	static
../Core/Src/es_wifi.c:1409:18:ES_WIFI_ResetModule	16	static
../Core/Src/es_wifi.c:1433:18:ES_WIFI_HardResetModule	8	static
../Core/Src/es_wifi.c:1448:18:ES_WIFI_SetProductName	16	static
../Core/Src/es_wifi.c:1533:18:ES_WIFI_GetSystemConfig	24	static
../Core/Src/es_wifi.c:1555:18:ES_WIFI_Ping	40	static
../Core/Src/es_wifi.c:1598:18:ES_WIFI_DNS_LookUp	16	static
../Core/Src/es_wifi.c:1623:18:ES_WIFI_StartClientConnection	24	static
../Core/Src/es_wifi.c:1681:18:ES_WIFI_StopClientConnection	16	static
../Core/Src/es_wifi.c:1769:18:ES_WIFI_StartServerSingleConn	16	static
../Core/Src/es_wifi.c:1835:19:ES_WIFI_WaitServerConnection	48	static
../Core/Src/es_wifi.c:1923:18:ES_WIFI_CloseServerConnection	16	static
../Core/Src/es_wifi.c:1954:18:ES_WIFI_StopServerSingleConn	16	static
../Core/Src/es_wifi.c:1987:18:ES_WIFI_StartServerMultiConn	16	static
../Core/Src/es_wifi.c:2048:18:ES_WIFI_StopServerMultiConn	32	static
../Core/Src/es_wifi.c:2116:18:ES_WIFI_SendData	40	static
../Core/Src/es_wifi.c:2178:19:ES_WIFI_SendDataTo	40	static
../Core/Src/es_wifi.c:2276:18:ES_WIFI_ReceiveData	40	static
../Core/Src/es_wifi.c:2337:19:ES_WIFI_ReceiveDataFrom	64	static
../Core/Src/es_wifi.c:2428:19:ES_WIFI_StoreCreds	56	static
../Core/Src/es_wifi.c:2466:19:ES_WIFI_StoreCA	24	static
../Core/Src/es_wifi.c:2490:19:ES_WIFI_StoreCertificate	24	static
../Core/Src/es_wifi.c:2514:19:ES_WIFI_StoreKey	24	static
