../Core/Src/stm32l4xx_hal_msp.c:67:6:HAL_MspInit	8	static
../Core/Src/stm32l4xx_hal_msp.c:89:6:HAL_CRC_MspInit	8	static
../Core/Src/stm32l4xx_hal_msp.c:111:6:HAL_CRC_MspDeInit	0	static
../Core/Src/stm32l4xx_hal_msp.c:136:6:HAL_DFSDM_FilterMspInit	48	static
../Core/Src/stm32l4xx_hal_msp.c:199:6:HAL_DFSDM_ChannelMspInit	40	static
../Core/Src/stm32l4xx_hal_msp.c:239:6:HAL_DFSDM_FilterMspDeInit	8	static
../Core/Src/stm32l4xx_hal_msp.c:272:6:HAL_DFSDM_ChannelMspDeInit	0	static
../Core/Src/stm32l4xx_hal_msp.c:302:6:HAL_I2C_MspInit	40	static
../Core/Src/stm32l4xx_hal_msp.c:338:6:HAL_I2C_MspDeInit	8	static
../Core/Src/stm32l4xx_hal_msp.c:369:6:HAL_QSPI_MspInit	40	static
../Core/Src/stm32l4xx_hal_msp.c:410:6:HAL_QSPI_MspDeInit	0	static
../Core/Src/stm32l4xx_hal_msp.c:444:6:HAL_SPI_MspInit	40	static
../Core/Src/stm32l4xx_hal_msp.c:484:6:HAL_SPI_MspDeInit	8	static
../Core/Src/stm32l4xx_hal_msp.c:516:6:HAL_UART_MspInit	56	static
../Core/Src/stm32l4xx_hal_msp.c:594:6:HAL_UART_MspDeInit	8	static
../Core/Src/stm32l4xx_hal_msp.c:643:6:HAL_PCD_MspInit	40	static
../Core/Src/stm32l4xx_hal_msp.c:698:6:HAL_PCD_MspDeInit	16	static
