../Core/Src/wifi.c:32:15:WIFI_Init	16	static
../Core/Src/wifi.c:57:15:WIFI_ListAccessPoints	496	static
../Core/Src/wifi.c:93:15:WIFI_Connect	8	static
../Core/Src/wifi.c:114:15:WIFI_GetMAC_Address	8	static
../Core/Src/wifi.c:129:15:WIFI_GetIP_Address	16	static
../Core/Src/wifi.c:146:15:WIFI_Disconnect	8	static
../Core/Src/wifi.c:167:15:WIFI_ConfigureAP	88	static
../Core/Src/wifi.c:204:15:WIFI_HandleAPEvents	16	static
../Core/Src/wifi.c:241:15:WIFI_Ping	16	static
../Core/Src/wifi.c:258:15:WIFI_GetHostAddress	8	static
../Core/Src/wifi.c:278:15:WIFI_OpenClientConnection	32	static
../Core/Src/wifi.c:302:15:WIFI_CloseClientConnection	32	static
../Core/Src/wifi.c:322:15:WIFI_StartServer	32	static
../Core/Src/wifi.c:342:15:WIFI_WaitServerConnection	40	static
../Core/Src/wifi.c:378:15:WIFI_CloseServerConnection	8	static
../Core/Src/wifi.c:393:15:WIFI_StopServer	8	static
../Core/Src/wifi.c:412:15:WIFI_SendData	16	static
../Core/Src/wifi.c:434:15:WIFI_SendDataTo	24	static
../Core/Src/wifi.c:454:15:WIFI_ReceiveData	16	static
../Core/Src/wifi.c:475:15:WIFI_ReceiveDataFrom	24	static
../Core/Src/wifi.c:492:15:WIFI_SetOEMProperties	8	static
../Core/Src/wifi.c:510:15:WIFI_ResetModule	8	static
../Core/Src/wifi.c:525:15:WIFI_SetModuleDefault	8	static
../Core/Src/wifi.c:542:15:WIFI_ModuleFirmwareUpdate	0	static
../Core/Src/wifi.c:552:15:WIFI_GetModuleFwRevision	8	static
../Core/Src/wifi.c:569:15:WIFI_GetModuleID	8	static
../Core/Src/wifi.c:586:15:WIFI_GetModuleName	8	static
