../Drivers/BSP/Components/stc3115/STC3115_Driver.c:297:25:STC3115_DeInit	0	static
../Drivers/BSP/Components/stc3115/STC3115_Driver.c:551:25:STC3115_GetSOC	0	static
../Drivers/BSP/Components/stc3115/STC3115_Driver.c:562:25:STC3115_GetOCV	0	static
../Drivers/BSP/Components/stc3115/STC3115_Driver.c:573:25:STC3115_GetCurrent	0	static
../Drivers/BSP/Components/stc3115/STC3115_Driver.c:584:25:STC3115_GetTemperature	0	static
../Drivers/BSP/Components/stc3115/STC3115_Driver.c:595:25:STC3115_GetVoltage	0	static
../Drivers/BSP/Components/stc3115/STC3115_Driver.c:606:25:STC3115_GetChargeValue	0	static
../Drivers/BSP/Components/stc3115/STC3115_Driver.c:617:25:STC3115_GetPresence	0	static
../Drivers/BSP/Components/stc3115/STC3115_Driver.c:628:25:STC3115_GetAlarmStatus	0	static
../Drivers/BSP/Components/stc3115/STC3115_Driver.c:640:25:STC3115_GetRemTime	0	static
../Drivers/BSP/Components/stc3115/STC3115_Driver.c:682:12:STC3115_CalcRamCRC8	0	static
../Drivers/BSP/Components/stc3115/STC3115_Driver.c:940:12:STC3115_Read	8	static
../Drivers/BSP/Components/stc3115/STC3115_Driver.c:335:25:STC3115_Get_WhoAmI	8	static
../Drivers/BSP/Components/stc3115/STC3115_Driver.c:976:12:STC3115_ReadWord	16	static
../Drivers/BSP/Components/stc3115/STC3115_Driver.c:652:12:STC3115_Status	16	static
../Drivers/BSP/Components/stc3115/STC3115_Driver.c:745:12:STC3115_WriteRamData	8	static
../Drivers/BSP/Components/stc3115/STC3115_Driver.c:958:12:STC3115_Write	8	static
../Drivers/BSP/Components/stc3115/STC3115_Driver.c:998:12:STC3115_WriteWord	16	static
../Drivers/BSP/Components/stc3115/STC3115_Driver.c:505:25:STC3115_Reset	24	static
../Drivers/BSP/Components/stc3115/STC3115_Driver.c:1017:25:STC3115_SetParam.isra	32	static
../Drivers/BSP/Components/stc3115/STC3115_Driver.c:845:12:STC3115_Restore	24	static
../Drivers/BSP/Components/stc3115/STC3115_Driver.c:763:12:STC3115_ReadRamData.isra	0	static
../Drivers/BSP/Components/stc3115/STC3115_Driver.c:705:12:STC3115_UpdateRamCRC.isra	8	static
../Drivers/BSP/Components/stc3115/STC3115_Driver.c:527:25:STC3115_Stop	32	static
../Drivers/BSP/Components/stc3115/STC3115_Driver.c:721:13:STC3115_InitRamData	16	static
../Drivers/BSP/Components/stc3115/STC3115_Driver.c:353:25:STC3115_Task	40	static
../Drivers/BSP/Components/stc3115/STC3115_Driver.c:170:25:STC3115_Init	96	static
