../Drivers/BSP/Components/lis3dhh/lis3dhh.c:220:9:LIS3DHH_GetCapabilities	0	static
../Drivers/BSP/Components/lis3dhh/lis3dhh.c:298:9:LIS3DHH_ACC_GetSensitivity	0	static
../Drivers/BSP/Components/lis3dhh/lis3dhh.c:370:9:LIS3DHH_ACC_GetFullScale	0	static
../Drivers/BSP/Components/lis3dhh/lis3dhh.c:385:9:LIS3DHH_ACC_SetFullScale	0	static
../Drivers/BSP/Components/lis3dhh/lis3dhh.c:671:16:ReadRegWrap	4	static
../Drivers/BSP/Components/lis3dhh/lis3dhh.c:686:16:WriteRegWrap	4	static
../Drivers/BSP/Components/lis3dhh/lis3dhh.c:142:9:LIS3DHH_Init	16	static
../Drivers/BSP/Components/lis3dhh/lis3dhh.c:204:9:LIS3DHH_ReadID	8	static
../Drivers/BSP/Components/lis3dhh/lis3dhh.c:314:9:LIS3DHH_ACC_GetOutputDataRate	16	static
../Drivers/BSP/Components/lis3dhh/lis3dhh.c:396:9:LIS3DHH_ACC_GetAxesRaw	32	static
../Drivers/BSP/Components/lis3dhh/lis3dhh.c:440:9:LIS3DHH_ACC_GetAxes	24	static
../Drivers/BSP/Components/lis3dhh/lis3dhh.c:243:9:LIS3DHH_ACC_Enable	8	static
../Drivers/BSP/Components/lis3dhh/lis3dhh.c:267:9:LIS3DHH_ACC_Disable	8	static
../Drivers/BSP/Components/lis3dhh/lis3dhh.c:182:9:LIS3DHH_DeInit	8	static
../Drivers/BSP/Components/lis3dhh/lis3dhh.c:351:9:LIS3DHH_ACC_SetOutputDataRate	8	static
../Drivers/BSP/Components/lis3dhh/lis3dhh.c:102:9:LIS3DHH_RegisterBusIO	8	static
../Drivers/BSP/Components/lis3dhh/lis3dhh.c:465:9:LIS3DHH_Read_Reg	8	static
../Drivers/BSP/Components/lis3dhh/lis3dhh.c:482:9:LIS3DHH_Write_Reg	16	static
../Drivers/BSP/Components/lis3dhh/lis3dhh.c:497:9:LIS3DHH_ACC_Enable_DRDY_Interrupt	8	static
../Drivers/BSP/Components/lis3dhh/lis3dhh.c:515:9:LIS3DHH_ACC_Set_Filter_Mode	8	static
../Drivers/BSP/Components/lis3dhh/lis3dhh.c:532:9:LIS3DHH_ACC_Get_DRDY_Status	8	static
../Drivers/BSP/Components/lis3dhh/lis3dhh.c:548:9:LIS3DHH_FIFO_Get_Num_Samples	16	static
../Drivers/BSP/Components/lis3dhh/lis3dhh.c:575:9:LIS3DHH_FIFO_Set_Mode	8	static
